OBJ0 =   \
newmodm5.obj  \
shared1.obj \
shared.obj \
hybmcmc.obj \
modspmin.obj \
xmodelm3.obj  \
xmodelm5.obj  \
getbigs.obj \
admodel.obj \
vec_io.obj \
t.obj \
cnstrs.obj \
pvmvar1.obj \
evalxtrn.obj \
con2fmin.obj \
randeff.obj \
model34.obj  \
model35.obj  \
xmonte2.obj \
model36.obj  \
model37.obj  \
model40.obj  \
model41.obj  \
model42.obj  \
model43.obj  \
model44.obj  \
model45.obj  \
model46.obj  \
model47.obj  \
model48.obj  \
model50.obj  \
model51.obj  \
model52.obj  \
model53.obj  \
model53x.obj  \
dep_hess.obj \
amoeba.obj \
lbfgs.obj \
lmnewton.obj \
xxmcmc.obj \
xxmcmc2.obj \
xxmcmc3.obj \
mceval.obj \
prmonte.obj \
monte.obj \
model7.obj  \
montebds.obj \
model12.obj  \
nnewmod2.obj \
bet_rand.obj \
nmonte.obj \
xmodelm4.obj  \
mod_hess.obj  \
mod_pmin.obj  \
mod_prof.obj  \
mod_sd.obj  \
model.obj  \
model10.obj  \
model11.obj  \
model13.obj  \
model14.obj  \
model15.obj  \
model16.obj  \
model17.obj  \
model19.obj  \
model20.obj  \
model21.obj  \
model22.obj  \
model23.obj  \
model24.obj  \
model26.obj  \
model27.obj  \
model28.obj  \
model29.obj  \
model30.obj  \
model31.obj  \
model32.obj  \
model33.obj  \
model2.obj  \
model3.obj  \
model4.obj  \
model5.obj  \
model6.obj  \
model8.obj  \
model9.obj  \
newmodm2.obj  \
newmodm3.obj  \
newmodm4.obj  \
newmodmn.obj \
modhdet.obj \
mod_mc.obj  \
mod_mc1.obj  \
mod_mc2.obj  \
mod_mc3.obj  \
mod_mc4.obj  \
mc_scale.obj \
adsleep.obj \
parallel.obj \
dfqromb.obj \
paral3re.obj \
paral5re.obj \
paralle2.obj \
profmin.obj \
para3.obj 
OBJSPLUS =   \
spcomm.obj
#adsplus.obj \
#usereval.obj \
#dfqromo.obj \
#admbgui.obj  \
#confmin.obj \
#model_mi.obj \
