OBJSPARSE=\
 ../sparse/hs_sparse.obj
OBJ1=\
 dmat21.obj\
 dmat3.obj\
 dmat34.obj\
 fvar_ma4.obj\
 fvar_m15.obj\
 fvar_m20.obj\
 fvar_m24.obj\
 fvar_m42.obj\
 cbetacf.obj\
 vbetacf.obj\
 vbetai.obj\
 cbetai.obj\
 cgamdev.obj\
 fmmtr1.obj\
 df13fun.obj\
 multiindex.obj\
 indextyp.obj\
 logit.obj\
 d3arr12.obj\
 dmat41.obj\
 dmat42.obj\
 dmat43.obj\
 vtdev.obj\
 cbetdev.obj\
 vbetdev.obj\
 df11fun.obj\
 df12fun.obj\
 vcumdbetainv.obj\
 ccumdbetainv.obj\
 vgamdev.obj\
 normmix2.obj\
 normmix.obj\
 cnormmix.obj\
 vnormgam.obj\
 ivect11.obj\
 dvect26.obj\
 cnormgam.obj\
 ftweak.obj\
 dfgammp.obj\
 dftweak.obj\
 ccumdexp.obj\
 vcumdexp.obj\
 newhand.obj\
 bounder.obj\
 rannegbn.obj\
 drannegbin.obj\
 vrannegbin.obj\
 cnegbin.obj\
 vnegbin.obj\
 orthply2.obj\
 dfpool.obj\
 fvar_m51.obj\
 fvar_m52.obj\
 fvar_m53.obj\
 fvar_m57.obj\
 timer.obj\
 dmat35.obj\
 dmat36.obj\
 dmat37.obj\
 dmat38.obj\
 vgamdens.obj\
 cgamdens.obj\
 dmat33.obj\
 vbeta.obj\
 gradchk.obj\
 optmatch.obj\
 adglobl.obj\
 ccumdlog.obj\
 vcumdlog.obj\
 vcumdcau.obj\
 c_ghk.obj\
 v_ghk.obj\
 suballoc.obj\
 gradstrc.obj\
 compare.obj\
 signalh.obj\
 mfupper.obj\
 tensprod.obj\
 doublind.obj\
 gaussher.obj\
 histgram.obj\
 drancau.obj\
 drangam.obj\
 dranpois.obj\
 franpois.obj\
 cumd_cau.obj\
 gs_set.obj\
 ddlist.obj\
 newdar.obj\
 rngen.obj\
 except.obj\
 i4arr.obj\
 i5arr.obj\
 d6arr.obj\
 d6arr1.obj\
 d6arr2.obj\
 d7arr.obj\
 d7arr1.obj\
 d7arr2.obj\
 f6arr.obj\
 f6arr1.obj\
 f6arr2.obj\
 f7arr.obj\
 f7arr1.obj\
 f7arr2.obj\
 d5arr.obj\
 d5arr1.obj\
 d5arr3.obj\
 f5arr.obj\
 f5arr1.obj\
 f5arr2.obj\
 f5arr3.obj\
 admanip.obj\
 fvar_m38.obj\
 fvar_m41.obj\
 fvar_m43.obj\
 fvar_m44.obj\
 fvar_m45.obj\
 fvar_m46.obj\
 fvar_m47.obj\
 fvar_m50.obj\
 fvar_m40.obj\
 fvar_m39.obj\
 lvector.obj\
 lmat.obj\
 lmat3.obj\
 lmat5.obj\
 lmat6.obj\
 lmat7.obj\
 lmat_a.obj\
 lmat_io.obj\
 fvar_a50.obj\
 fmmt1.obj\
 dfsdmat.obj\
 cumdist.obj\
 vcumdist.obj\
 cspline.obj\
 vspline.obj\
 cranfill.obj\
 dmat.obj\
 fvar_op9.obj\
 fvar_o10.obj\
 fvar_o11.obj\
 fvar_a15.obj\
 mfexpcon.obj\
 scbound.obj\
 scbound1.obj\
 posfunv.obj\
 posfunc.obj\
 fvar_a16.obj\
 fvar_a17.obj\
 ivec.obj\
 ivec2.obj\
 ivec3.obj\
 ivec4.obj\
 ivect6.obj\
 ivec8.obj\
 ivec9.obj\
 ivect10.obj\
 humung.obj\
 clrscr.obj\
 cmpdif2.obj\
 cmpdif3.obj\
 cmpdif4.obj\
 cmpdif5.obj\
 cmpdif6.obj\
 cmpdif7.obj\
 cmpdif8.obj\
 cmpdif9.obj\
 cmpdif10.obj\
 cmpdif11.obj\
 combc.obj\
 combv.obj\
 d3arr2a.obj\
 d3arr2b.obj\
 d3arr2c.obj\
 d3arr3.obj\
 d3arr4.obj\
 d3arr5.obj\
 d3arr6.obj\
 d3arr7.obj\
 d3arr8.obj\
 d3arr9.obj\
 d3arr10.obj\
 d3_io.obj\
 d3_io1.obj\
 d4_io.obj\
 d4_io1.obj\
 dmat0.obj\
 dmat1.obj\
 dmat2.obj\
 dmat4.obj\
 dmat6.obj\
 dmat7.obj
OBJ2=\
 dmat9.obj\
 dmat10.obj\
 dmat12.obj\
 dmat14.obj\
 dmat22.obj\
 dmat23.obj\
 dmat24.obj\
 dmat25.obj\
 dmat26.obj\
 dmat27.obj\
 dmat28.obj\
 dmat29.obj\
 dmat30.obj\
 dmat31.obj\
 dmat_a.obj\
 dmat_io.obj\
 dmat_io2.obj\
 dmsort.obj\
 imsort.obj\
 dsize.obj\
 dvar.obj\
 dvect2.obj\
 dvect3.obj\
 dvect4.obj\
 dvect5.obj\
 dvect6.obj\
 dvect7.obj\
 dvect8.obj\
 dvect9.obj\
 dvect10.obj\
 dvect11.obj\
 dvect12.obj\
 dvect13.obj\
 dvect14.obj\
 dvect15.obj\
 dvect16.obj\
 dvect17.obj\
 dvect18.obj\
 dvect19.obj\
 dvect20.obj\
 dvect22.obj\
 dvect23.obj\
 dvect24.obj\
 dvect25.obj\
 dvector.obj\
 dvect_io.obj\
 dvec_io1.obj\
 f3arr.obj\
 f3arr1.obj\
 f3arr2.obj\
 f3arr3.obj\
 f3arr4.obj\
 f3arr5.obj\
 f3arr6.obj\
 f3arr7.obj\
 f3arr8.obj\
 f3arr9.obj\
 f3arr10.obj\
 f3arr11.obj\
 f3arr13.obj\
 f3arr14.obj\
 f3arr15.obj\
 f3arr16.obj\
 f3arr17.obj\
 fmm.obj\
 fvar1.obj\
 fvar2.obj\
 fvarm_io.obj\
 fvar_a10.obj\
 fvar_a11.obj\
 fvar_a13.obj\
 fvar_a14.obj
OBJ3=\
 fvar_a18.obj\
 fvar_a19.obj\
 fvar_a20.obj\
 fvar_a21.obj\
 fvar_a22.obj\
 fvar_a23.obj\
 fvar_a24.obj\
 fvar_a25.obj\
 fvar_a26.obj\
 fvar_a27.obj\
 fvar_a28.obj\
 fvar_a29.obj\
 fvar_a30.obj\
 fvar_a31.obj\
 fvar_a32.obj\
 fvar_a33.obj\
 fvar_a34.obj\
 fvar_a35.obj\
 fvar_a36.obj\
 fvar_a37.obj\
 fvar_a38.obj\
 fvar_a39.obj\
 fvar_a40.obj\
 fvar_a41.obj\
 fvar_a42.obj\
 fvar_a43.obj\
 fvar_a44.obj\
 fvar_a45.obj\
 fvar_a46.obj\
 fvar_a47.obj\
 fvar_a48.obj\
 fvar_a51.obj\
 fvar_a53.obj\
 fvar_a54.obj\
 fvar_a55.obj\
 fvar_a56.obj\
 fvar_a57.obj\
 fvar_a58.obj\
 fvar_a59.obj\
 fvar_a60.obj\
 fvar_a61.obj\
 fvar_a62.obj\
 fvar_ar1.obj\
 fvar_ar3.obj\
 fvar_ar7.obj\
 fvar_ar8.obj\
 fvar_fn.obj\
 fvar_fn1.obj\
 fvar_fn2.obj\
 fvar_io.obj\
 fvar3_io.obj\
 fvar_io2.obj\
 fvar_m10.obj\
 fvar_m11.obj\
 fvar_m12.obj\
 fvar_m13.obj\
 fvar_m14.obj\
 fvar_m18.obj\
 fvar_m19.obj\
 fvar_m21.obj\
 fvar_m22.obj\
 fvar_m23.obj\
 fvar_m27.obj\
 fvar_m28.obj\
 fvar_m29.obj\
 fvar_m30.obj\
 fvar_m31.obj\
 fvar_m32.obj\
 fvar_m33.obj\
 fvar_m34.obj\
 fvar_m35.obj\
 fvar_m36.obj\
 fvar_m37.obj\
 fvar_ma1.obj\
 fvar_ma2.obj\
 fvar_ma3.obj\
 fvar_ma6.obj\
 fvar_ma7.obj\
 fvar_ma9.obj\
 fvar_mat.obj\
 fvar_op2.obj\
 fvar_op3.obj\
 fvar_op5.obj\
 fvar_op7.obj\
 fvar_op8.obj\
 fvar_opr.obj\
 imat.obj\
 imat_io.obj\
 imat_a.obj\
 imat3.obj\
 imat5.obj\
 imat6.obj\
 imat7.obj\
 imat8.obj\
 imat9.obj\
 imat10.obj\
 ivec_io1.obj\
 libtype.obj\
 lvect_io.obj\
 lvec_io1.obj\
 minim.obj\
 newreg2.obj\
 vregress.obj\
 cregress.obj\
 ptr_vec.obj\
 ptr2.obj\
 ranfill.obj\
 d3arr.obj\
 ranf_ni.obj\
 ranf_ni2.obj\
 ranfill1.obj\
 ivector.obj\
 ranfill2.obj\
 sdmat.obj\
 set.obj\
 setin.obj\
 shape.obj\
 size.obj\
 maxmin.obj\
 fvar_arr.obj\
 def_eval.obj\
 fmm_disp.obj\
 xgradclc.obj\
 sgradclc.obj\
 gradstak.obj\
 jacobclc.obj\
 jacob2.obj\
 jacob3.obj\
 gst_read.obj\
 depvars.obj\
 df_file.obj\
 df_file2.obj\
 dmat15.obj\
 dmat16.obj\
 dmat17.obj\
 dmat18.obj\
 dmat20.obj\
 newfmin.obj\
 ufstream.obj\
 boundfun.obj\
 derch.obj\
 dvsort.obj\
 ivsort.obj\
 ivect_io.obj\
 fmm_cont.obj\
 dvec_dif.obj\
 fvar_dif.obj\
 dvec_io2.obj\
 dmat_io3.obj\
 fvara_io.obj\
 fvarb_io.obj\
 fvarm1_i.obj\
 d4arr.obj\
 d4arr1.obj\
 d4arr2.obj\
 d4arr3.obj\
 f4_io.obj\
 f4_io1.obj\
 i3_io.obj\
 i4io.obj\
 i5io.obj\
 cinvcumdt.obj\
 vinvcumdt.obj\
 vnorlogmix.obj\
 cnorlogmix.obj\
 i3arr8.obj\
 f4arr1.obj\
 f4arr2.obj\
 cbivnorm.obj\
 vbivnorm.obj\
 f4arr3.obj\
 eigen.obj\
 eigenv.obj\
 dveigen.obj\
 dveigenv.obj\
 i3arr.obj\
 f4arr.obj
OBJ4=\
 mfexp.obj\
 expm.obj\
 factors.obj\
 orthpoly.obj\
 makesub.obj\
 fvar_a49.obj
OBJ16=\
 d3arr1.obj\
 dvec_acc.obj\
 dmat_acc.obj\
 dmat8.obj\
 dmat32.obj\
 fvar_op4.obj\
 f3arr12.obj\
 f3arr18.obj\
 f3arr19.obj\
 fvar_m48.obj\
 fvar_ma8.obj\
 fvma_acc.obj\
 imat1.obj\
 imat2.obj\
 ivec7.obj\
 lmat1.obj\
 lmat2.obj\
 lmat4.obj\
 lvec1.obj\
 lvec2.obj\
 imat4.obj\
 model49.obj\
 i3arr1.obj\
 d3arr11.obj
PVM=\
 slgrdclc.obj\
 adcomm1.obj
UNUSED=\
 xfmmtr1.obj\
 denorm.obj\
 dvect21.obj\
 tsdfpool.obj\
 fvar_a52.obj\
 ad_atlas.obj\
 getopt.obj\
 manip.obj\
 fmmq.obj\
 conjprod.obj
