OBJ0 = \
df1b2impspf.obj \
df1b2lmn2.obj \
dflogistic.obj \
tdev.obj \
dfinvcumdt.obj \
df1b2norlogmix.obj \
df1b2betdev.obj \
df33fun1.obj \
df33fun.obj \
df33incbet.obj \
df1b2invcumdbeta_incbet.obj \
df3gammp.obj \
df1b2normmix.obj \
df1b2normmix2.obj \
df1b2lap.obj  \
df1b2normgam.obj \
dflocmin.obj \
df1b2tweak.obj \
df1b2chkder.obj \
gammdev.obj \
df1b2cum.obj \
df32fun.obj \
df32fun1.obj \
bounder.obj \
df1b2h.obj \
\
df1b2ludcmp.obj \
df1b2lme.obj \
quadpri.obj \
fquadpri.obj \
newfunc.obj \
df1b2gh.obj \
df1b2ghmult.obj \
test_trust.obj \
\
\
f1b2sol3.obj \
f1b2locl.obj \
f1b2loc2.obj \
f1b2loc3.obj \
\
df1b2imp.obj \
df1b2impf.obj \
df1b2im2.obj \
df1b2im3.obj \
df1b2im4.obj \
df1b2im5.obj \
df1b2im3f.obj \
f1b2trst.obj \
df1b2glo.obj \
df1b2ptr.obj \
df1fun.obj  \
df3fun.obj  \
df1b2funx.obj  \
df1b2mat.obj \
vgamdens.obj \
df1b2nv1.obj \
df1b2fnl.obj \
f1b2fnl2.obj \
f1b2fnl3.obj \
f1b2fnl4.obj \
f1b2fnl5.obj \
f1b2fnl6.obj \
adpool.obj  \
df1b2pow.obj  \
df1b2fun.obj  \
df1b2qnm.obj  \
df1b2lp1.obj  \
df1b2lp2.obj  \
df1b2lp4.obj  \
df1b2lp5.obj  \
df1b2lp6.obj  \
df1b2lp7.obj  \
df1b2lp8.obj  \
df1b2lp9.obj  \
df1b2lp10.obj  \
df1b2lp11.obj  \
df1b2lp12.obj  \
f1b2lapqd.obj  \
df1b2loc.obj  \
df1b2fn2.obj  \
df1b2fn3.obj  \
df1b2fn4.obj  \
df1b2fn5.obj  \
df1b2fn7.obj  \
df1b2fn8.obj  \
df1b2f10.obj  \
df1b2f11.obj  \
df1b2f12.obj  \
df1b2f13.obj  \
df1b2f14.obj  \
df1b2f15.obj  \
df1b2f16.obj  \
df1b2f17.obj  \
df1b2f18.obj  \
df1b2f19.obj  \
df1b2f20.obj  \
df1b2f21.obj  \
df1b2f22.obj  \
df1b2f23.obj  \
df1b2f24.obj  \
df1b2f25.obj  \
df1b2f26.obj  \
df1b2f27.obj  \
df1b2f28.obj  \
df1b2sum.obj \
df1b2sumc.obj \
df1b2prd.obj \
df1b2prc.obj \
df1b2prb.obj \
df1b2min.obj \
\
f1b2vc1.obj  \
nvarcall.obj \
f1b2vc2.obj  \
f1b2vc3.obj  \
f1b2vc4.obj  \
f1b2vc5.obj  \
f1b2vc6.obj  \
f1b2vc7.obj  \
f1b2vc8.obj  \
f1b2vc9.obj  \
f1b2vc10.obj  \
f1b2v10.obj  \
f1b2v11.obj  \
f1b2vc11.obj  \
f1b2v12.obj  \
f1b2ma1.obj \
f1b23d1.obj \
df1b2negb.obj \
smartbuf.obj  \
df13tester.obj \
df33tester.obj \
mod_rhes.obj  
UNUSED =\
df1b2bet.obj \
f1b2sol2.obj \
f1b2solv.obj \
f1b2lndt.obj \
df1b2min3.obj \
